<testsuites id="" name="" tests="3" failures="0" skipped="0" errors="0" time="111.461">
<testsuite name="tests\ui-tests\applitools\bookstore.spec.js" timestamp="1642595187110" hostname="" tests="1" failures="0" skipped="0" time="31.214" errors="0">
<testcase name="Applitool-Bookstore-Test @applitool" classname="[chromium] › tests\ui-tests\applitools\bookstore.spec.js:5:1 › Applitool-Bookstore-Test @applitool" time="31.214">
</testcase>
</testsuite>
<testsuite name="tests\ui-tests\applitools\swaglabs.spec.js" timestamp="1642595187110" hostname="" tests="1" failures="0" skipped="0" time="58.753" errors="0">
<testcase name="SwagLabs-Test @applitool" classname="[chromium] › tests\ui-tests\applitools\swaglabs.spec.js:5:1 › SwagLabs-Test @applitool" time="58.753">
</testcase>
</testsuite>
<testsuite name="tests\ui-tests\applitools\swaglabsultratest.spec.js" timestamp="1642595187110" hostname="" tests="1" failures="0" skipped="0" time="78.298" errors="0">
<testcase name="UltraFast-Test @ultra @applitool" classname="[chromium] › tests\ui-tests\applitools\swaglabsultratest.spec.js:4:1 › UltraFast-Test @ultra @applitool" time="78.298">
</testcase>
</testsuite>
</testsuites>